[DEBUG] 2026-10-02 08:51:14.586 [main] application.Main - Lancement appli
[INFO ] 2026-10-02 08:51:14.587 [main] application.Main - message d'info
[ERROR] 2026-10-02 08:51:14.588 [main] application.Main - error
[FATAL] 2026-10-02 08:51:14.588 [main] application.Main - fatal
[DEBUG] 2026-10-02 08:51:51.398 [main] application.Main - Lancement appli
[INFO ] 2026-10-02 08:51:51.399 [main] application.Main - message d'info
[ERROR] 2026-10-02 08:51:51.399 [main] application.Main - error
[FATAL] 2026-10-02 08:51:51.399 [main] application.Main - fatal
[TRACE] 2026-10-02 08:51:51.399 [main] application.Main - trace
[DEBUG] 2026-10-02 10:24:20.817 [main] Utils - Lancement de l'application
[DEBUG] 2026-10-02 10:29:21.132 [main] Utils - Lancement de l'application
[DEBUG] 2026-10-02 10:30:18.281 [main] Utils - Lancement de l'application
[DEBUG] 2026-10-02 10:33:13.017 [main] Utils - Lancement de l'application
[DEBUG] 2026-10-02 10:33:31.945 [main] Utils - Lancement de l'application
[DEBUG] 2026-10-02 10:34:05.305 [main] Utils - Lancement de l'application
[DEBUG] 2026-10-02 10:53:45.167 [main] Utils - Lancement de l'application
[DEBUG] 2026-10-02 10:56:07.747 [main] Utils - Lancement de l'application
[DEBUG] 2026-10-02 11:02:15.563 [main] Utils - Lancement de l'application
[DEBUG] 2026-10-02 11:02:46.597 [main] Utils - Lancement de l'application
[DEBUG] 2026-10-02 11:06:27.317 [main] Utils - Lancement de l'application
[DEBUG] 2026-10-02 11:20:22.175 [main] Utils - Lancement de l'application
[DEBUG] 2026-10-02 11:27:03.803 [main] Utils - Lancement de l'application
